1. Daleks
2. Cybermen
3. Master (the)
4. Dalek Supreme (Supreme Dalek), inc Progenitor
5. Sontarans
6. Ice Warriors (inc benevolent appearences)
7. Davros
8. Silurians (exc Sea Devils)
9. Kovarian, Madame
10. Cyber-leader
Please enter a number between 1 and 10, or -1 to end
Enter a villain ==> 1
Daleks first appeared in 1963
Daleks were in 37 stories, with the following other villains:
==================================================
     Alliance - onscreen - Daleks, Cybermen, Sontarans & Autons, (cameos
     Silurians, Sycorax, Judoon, Hoix, Roboforms, microcameos Blowfish,
     Uvodni, Weevils), Aridians, Atraxi, Borusa, Bragen, Cult of Skaro (inc
     Dalek Sec and three others), Cyber-leader, Cybermen, Dala, Dalek
     "puppet", Dalek Supreme (Supreme Dalek), inc Progenitor, Dalek prime
     minister, Davros, Dracula, Robot Count, Flood (the), Frankenstein's
     monster robot, Gantok, Grey Lady robot, Gubbage Cone, Hartman, Yvonne,
     Hawthorne, Ice Warriors (inc benevolent appearences), Judoon,
     Kovarian, Madame, Lytton, Commander Gustav, Master (the), Mavic Chen,
     Meddling Monk (the), Moroks, (the), Mortimus, Movellans, Nyder,
     Ogrons, Ood, the (Oodkind), inc benevolent appearances, Rassilon,
     Raston Warrior Robot, Robomen, Robot Dr Who, Sharrel, Silence (the),
     Slyther, Smilers (Winders), Sontarans, Terrible Zodin, War Chief, War
     Lord, Winder, Yeti, van Statten, Henry

The stories that only features Daleks were:
==================================================
     Bad Wolf/The Parting of the Ways, Daleks in, Death to the Daleks,
     Journey's End, Manhattan/Evolution of the Daleks, Mission to the
     Unknown, The Big Bang, The Daleks

The doctors who fought Daleks were:
==================================================
     Colin Baker
     Tom Baker
     Peter Davison
     Christopher Eccleston
     William Hartnell
     Sylvester McCoy
     Jon Pertwee
     Matt Smith
     David Tennant
     Patrick Troughton


1. Daleks
2. Cybermen
3. Master (the)
4. Dalek Supreme (Supreme Dalek), inc Progenitor
5. Sontarans
6. Ice Warriors (inc benevolent appearences)
7. Davros
8. Silurians (exc Sea Devils)
9. Kovarian, Madame
10. Cyber-leader
Please enter a number between 1 and 10, or -1 to end
Enter a villain ==> stop

1. Daleks
2. Cybermen
3. Master (the)
4. Dalek Supreme (Supreme Dalek), inc Progenitor
5. Sontarans
6. Ice Warriors (inc benevolent appearences)
7. Davros
8. Silurians (exc Sea Devils)
9. Kovarian, Madame
10. Cyber-leader
Please enter a number between 1 and 10, or -1 to end
Enter a villain ==> 5
Sontarans first appeared in 1973
Sontarans were in 9 stories, with the following other villains:
==================================================
     Alliance - onscreen - Daleks, Cybermen, Sontarans & Autons, (cameos
     Silurians, Sycorax, Judoon, Hoix, Roboforms, microcameos Blowfish,
     Uvodni, Weevils), Atraxi, Borusa, Chessene of the Franzine Grig,
     Cybermen, Dalek Supreme (Supreme Dalek), inc Progenitor, Daleks,
     Dastari, Joinson, Gray, Steve, Harris, Private Carl, Headless Monks,
     Irongron, Kovarian, Madame, Manton, Colonel, Martha Jones- Clone,
     Master (the), Naismith, Joshua, Rassilon, Rattigan, Luke, Red
     Carnivorous Maw, Shockeye of the Quawncing Grig, Silurians (exc Sea
     Devils), Staal, Stike, Vardan, Varl, Varla

The stories that only features Sontarans were:
==================================================
     The Sontaran Experiment

The doctors who fought Sontarans were:
==================================================
     Colin Baker
     Tom Baker
     Jon Pertwee
     Matt Smith
     David Tennant
     Patrick Troughton


1. Daleks
2. Cybermen
3. Master (the)
4. Dalek Supreme (Supreme Dalek), inc Progenitor
5. Sontarans
6. Ice Warriors (inc benevolent appearences)
7. Davros
8. Silurians (exc Sea Devils)
9. Kovarian, Madame
10. Cyber-leader
Please enter a number between 1 and 10, or -1 to end
Enter a villain ==> 7
Davros first appeared in 1975
Davros were in 6 stories, with the following other villains:
==================================================
     Dalek Supreme (Supreme Dalek), inc Progenitor, Daleks, Lytton,
     Commander Gustav, Movellans, Nyder, Sharrel

There are no stories with only this villain
==================================================

The doctors who fought Davros were:
==================================================
     Colin Baker
     Tom Baker
     Peter Davison
     Sylvester McCoy
     David Tennant


1. Daleks
2. Cybermen
3. Master (the)
4. Dalek Supreme (Supreme Dalek), inc Progenitor
5. Sontarans
6. Ice Warriors (inc benevolent appearences)
7. Davros
8. Silurians (exc Sea Devils)
9. Kovarian, Madame
10. Cyber-leader
Please enter a number between 1 and 10, or -1 to end
Enter a villain ==> 11

1. Daleks
2. Cybermen
3. Master (the)
4. Dalek Supreme (Supreme Dalek), inc Progenitor
5. Sontarans
6. Ice Warriors (inc benevolent appearences)
7. Davros
8. Silurians (exc Sea Devils)
9. Kovarian, Madame
10. Cyber-leader
Please enter a number between 1 and 10, or -1 to end
Enter a villain ==> 0

1. Daleks
2. Cybermen
3. Master (the)
4. Dalek Supreme (Supreme Dalek), inc Progenitor
5. Sontarans
6. Ice Warriors (inc benevolent appearences)
7. Davros
8. Silurians (exc Sea Devils)
9. Kovarian, Madame
10. Cyber-leader
Please enter a number between 1 and 10, or -1 to end
Enter a villain ==> -1
Exiting
