<div class='diff-container'><div class='diff-code'>
	<div class='highlight' id='id_expected_0'>
	<div class='bad'><span class='line_number'>&nbsp;&nbsp;1</span><span class='line_code'><span class='line_code_inner'>1. Daleks</span></span></div>
	<div class='bad'><span class='line_number'>&nbsp;&nbsp;2</span><span class='line_code'><span class='line_code_inner'>2. Cybermen</span></span></div>
	<div class='bad'><span class='line_number'>&nbsp;&nbsp;3</span><span class='line_code'><span class='line_code_inner'>3. Master (the)</span></span></div>
	<div class='bad'><span class='line_number'>&nbsp;&nbsp;4</span><span class='line_code'><span class='line_code_inner'>4. Dalek Supreme (Supreme Dalek), inc Progenitor</span></span></div>
	<div class='bad'><span class='line_number'>&nbsp;&nbsp;5</span><span class='line_code'><span class='line_code_inner'>5. Sontarans</span></span></div>
	<div class='bad'><span class='line_number'>&nbsp;&nbsp;6</span><span class='line_code'><span class='line_code_inner'>6. Ice Warriors (inc benevolent appearences)</span></span></div>
	<div class='bad'><span class='line_number'>&nbsp;&nbsp;7</span><span class='line_code'><span class='line_code_inner'>7. Davros</span></span></div>
	<div class='bad'><span class='line_number'>&nbsp;&nbsp;8</span><span class='line_code'><span class='line_code_inner'>8. Silurians (exc Sea Devils)</span></span></div>
	<div class='bad'><span class='line_number'>&nbsp;&nbsp;9</span><span class='line_code'><span class='line_code_inner'>9. Kovarian, Madame</span></span></div>
	<div class='bad'><span class='line_number'>&nbsp;10</span><span class='line_code'><span class='line_code_inner'>10. Cyber-leader</span></span></div>
	<div class='bad'><span class='line_number'>&nbsp;11</span><span class='line_code'><span class='line_code_inner'>Please enter a number between 1 and 10, or -1 to end</span></span></div>
	<div class='bad'><span class='line_number'>&nbsp;12</span><span class='line_code'><span class='line_code_inner'>Enter a villain ==&gt; 1</span></span></div>
	<div class='bad'><span class='line_number'>&nbsp;13</span><span class='line_code'><span class='line_code_inner'>Daleks first appeared in 1963</span></span></div>
	<div class='bad'><span class='line_number'>&nbsp;14</span><span class='line_code'><span class='line_code_inner'>Daleks were in 37 stories, with the following other villains:</span></span></div>
	<div class='bad'><span class='line_number'>&nbsp;15</span><span class='line_code'><span class='line_code_inner'>==================================================</span></span></div>
	<div class='bad'><span class='line_number'>&nbsp;16</span><span class='line_code'><span class='line_code_inner'>     Alliance - onscreen - Daleks, Cybermen, Sontarans &amp; Autons, (cameos</span></span></div>
	<div class='bad'><span class='line_number'>&nbsp;17</span><span class='line_code'><span class='line_code_inner'>     Silurians, Sycorax, Judoon, Hoix, Roboforms, microcameos Blowfish,</span></span></div>
	<div class='bad'><span class='line_number'>&nbsp;18</span><span class='line_code'><span class='line_code_inner'>     Uvodni, Weevils), Aridians, Atraxi, Borusa, Bragen, Cult of Skaro (inc</span></span></div>
	<div class='bad'><span class='line_number'>&nbsp;19</span><span class='line_code'><span class='line_code_inner'>     Dalek Sec and three others), Cyber-leader, Cybermen, Dala, Dalek</span></span></div>
	<div class='bad'><span class='line_number'>&nbsp;20</span><span class='line_code'><span class='line_code_inner'>     &quot;puppet&quot;, Dalek Supreme (Supreme Dalek), inc Progenitor, Dalek prime</span></span></div>
	<div class='bad'><span class='line_number'>&nbsp;21</span><span class='line_code'><span class='line_code_inner'>     minister, Davros, Dracula, Robot Count, Flood (the), Frankenstein's</span></span></div>
	<div class='bad'><span class='line_number'>&nbsp;22</span><span class='line_code'><span class='line_code_inner'>     monster robot, Gantok, Grey Lady robot, Gubbage Cone, Hartman, Yvonne,</span></span></div>
	<div class='bad'><span class='line_number'>&nbsp;23</span><span class='line_code'><span class='line_code_inner'>     Hawthorne, Ice Warriors (inc benevolent appearences), Judoon,</span></span></div>
	<div class='bad'><span class='line_number'>&nbsp;24</span><span class='line_code'><span class='line_code_inner'>     Kovarian, Madame, Lytton, Commander Gustav, Master (the), Mavic Chen,</span></span></div>
	<div class='bad'><span class='line_number'>&nbsp;25</span><span class='line_code'><span class='line_code_inner'>     Meddling Monk (the), Moroks, (the), Mortimus, Movellans, Nyder,</span></span></div>
	<div class='bad'><span class='line_number'>&nbsp;26</span><span class='line_code'><span class='line_code_inner'>     Ogrons, Ood, the (Oodkind), inc benevolent appearances, Rassilon,</span></span></div>
	<div class='bad'><span class='line_number'>&nbsp;27</span><span class='line_code'><span class='line_code_inner'>     Raston Warrior Robot, Robomen, Robot Dr Who, Sharrel, Silence (the),</span></span></div>
	<div class='bad'><span class='line_number'>&nbsp;28</span><span class='line_code'><span class='line_code_inner'>     Slyther, Smilers (Winders), Sontarans, Terrible Zodin, War Chief, War</span></span></div>
	<div class='bad'><span class='line_number'>&nbsp;29</span><span class='line_code'><span class='line_code_inner'>     Lord, Winder, Yeti, van Statten, Henry</span></span></div>
	<div class='bad'><span class='line_number'>&nbsp;30</span><span class='line_code'><span class='line_code_inner'></span></span></div>
	<div class='bad'><span class='line_number'>&nbsp;31</span><span class='line_code'><span class='line_code_inner'>The stories that only features Daleks were:</span></span></div>
	<div class='bad'><span class='line_number'>&nbsp;32</span><span class='line_code'><span class='line_code_inner'>==================================================</span></span></div>
	<div class='bad'><span class='line_number'>&nbsp;33</span><span class='line_code'><span class='line_code_inner'>     Bad Wolf/The Parting of the Ways, Daleks in, Death to the Daleks,</span></span></div>
	<div class='bad'><span class='line_number'>&nbsp;34</span><span class='line_code'><span class='line_code_inner'>     Journey's End, Manhattan/Evolution of the Daleks, Mission to the</span></span></div>
	<div class='bad'><span class='line_number'>&nbsp;35</span><span class='line_code'><span class='line_code_inner'>     Unknown, The Big Bang, The Daleks</span></span></div>
	<div class='bad'><span class='line_number'>&nbsp;36</span><span class='line_code'><span class='line_code_inner'></span></span></div>
	<div class='bad'><span class='line_number'>&nbsp;37</span><span class='line_code'><span class='line_code_inner'>The doctors who fought Daleks were:</span></span></div>
	<div class='bad'><span class='line_number'>&nbsp;38</span><span class='line_code'><span class='line_code_inner'>==================================================</span></span></div>
	<div class='bad'><span class='line_number'>&nbsp;39</span><span class='line_code'><span class='line_code_inner'>     Colin Baker</span></span></div>
	<div class='bad'><span class='line_number'>&nbsp;40</span><span class='line_code'><span class='line_code_inner'>     Tom Baker</span></span></div>
	<div class='bad'><span class='line_number'>&nbsp;41</span><span class='line_code'><span class='line_code_inner'>     Peter Davison</span></span></div>
	<div class='bad'><span class='line_number'>&nbsp;42</span><span class='line_code'><span class='line_code_inner'>     Christopher Eccleston</span></span></div>
	<div class='bad'><span class='line_number'>&nbsp;43</span><span class='line_code'><span class='line_code_inner'>     William Hartnell</span></span></div>
	<div class='bad'><span class='line_number'>&nbsp;44</span><span class='line_code'><span class='line_code_inner'>     Sylvester McCoy</span></span></div>
	<div class='bad'><span class='line_number'>&nbsp;45</span><span class='line_code'><span class='line_code_inner'>     Jon Pertwee</span></span></div>
	<div class='bad'><span class='line_number'>&nbsp;46</span><span class='line_code'><span class='line_code_inner'>     Matt Smith</span></span></div>
	<div class='bad'><span class='line_number'>&nbsp;47</span><span class='line_code'><span class='line_code_inner'>     David Tennant</span></span></div>
	<div class='bad'><span class='line_number'>&nbsp;48</span><span class='line_code'><span class='line_code_inner'>     Patrick Troughton</span></span></div>
	<div class='bad'><span class='line_number'>&nbsp;49</span><span class='line_code'><span class='line_code_inner'></span></span></div>
	<div class='bad'><span class='line_number'>&nbsp;50</span><span class='line_code'><span class='line_code_inner'></span></span></div>
	<div class='bad'><span class='line_number'>&nbsp;51</span><span class='line_code'><span class='line_code_inner'>1. Daleks</span></span></div>
	<div class='bad'><span class='line_number'>&nbsp;52</span><span class='line_code'><span class='line_code_inner'>2. Cybermen</span></span></div>
	<div class='bad'><span class='line_number'>&nbsp;53</span><span class='line_code'><span class='line_code_inner'>3. Master (the)</span></span></div>
	<div class='bad'><span class='line_number'>&nbsp;54</span><span class='line_code'><span class='line_code_inner'>4. Dalek Supreme (Supreme Dalek), inc Progenitor</span></span></div>
	<div class='bad'><span class='line_number'>&nbsp;55</span><span class='line_code'><span class='line_code_inner'>5. Sontarans</span></span></div>
	<div class='bad'><span class='line_number'>&nbsp;56</span><span class='line_code'><span class='line_code_inner'>6. Ice Warriors (inc benevolent appearences)</span></span></div>
	<div class='bad'><span class='line_number'>&nbsp;57</span><span class='line_code'><span class='line_code_inner'>7. Davros</span></span></div>
	<div class='bad'><span class='line_number'>&nbsp;58</span><span class='line_code'><span class='line_code_inner'>8. Silurians (exc Sea Devils)</span></span></div>
	<div class='bad'><span class='line_number'>&nbsp;59</span><span class='line_code'><span class='line_code_inner'>9. Kovarian, Madame</span></span></div>
	<div class='bad'><span class='line_number'>&nbsp;60</span><span class='line_code'><span class='line_code_inner'>10. Cyber-leader</span></span></div>
	<div class='bad'><span class='line_number'>&nbsp;61</span><span class='line_code'><span class='line_code_inner'>Please enter a number between 1 and 10, or -1 to end</span></span></div>
	<div class='bad'><span class='line_number'>&nbsp;62</span><span class='line_code'><span class='line_code_inner'>Enter a villain ==&gt; stop</span></span></div>
	<div class='bad'><span class='line_number'>&nbsp;63</span><span class='line_code'><span class='line_code_inner'></span></span></div>
	<div class='bad'><span class='line_number'>&nbsp;64</span><span class='line_code'><span class='line_code_inner'>1. Daleks</span></span></div>
	<div class='bad'><span class='line_number'>&nbsp;65</span><span class='line_code'><span class='line_code_inner'>2. Cybermen</span></span></div>
	<div class='bad'><span class='line_number'>&nbsp;66</span><span class='line_code'><span class='line_code_inner'>3. Master (the)</span></span></div>
	<div class='bad'><span class='line_number'>&nbsp;67</span><span class='line_code'><span class='line_code_inner'>4. Dalek Supreme (Supreme Dalek), inc Progenitor</span></span></div>
	<div class='bad'><span class='line_number'>&nbsp;68</span><span class='line_code'><span class='line_code_inner'>5. Sontarans</span></span></div>
	<div class='bad'><span class='line_number'>&nbsp;69</span><span class='line_code'><span class='line_code_inner'>6. Ice Warriors (inc benevolent appearences)</span></span></div>
	<div class='bad'><span class='line_number'>&nbsp;70</span><span class='line_code'><span class='line_code_inner'>7. Davros</span></span></div>
	<div class='bad'><span class='line_number'>&nbsp;71</span><span class='line_code'><span class='line_code_inner'>8. Silurians (exc Sea Devils)</span></span></div>
	<div class='bad'><span class='line_number'>&nbsp;72</span><span class='line_code'><span class='line_code_inner'>9. Kovarian, Madame</span></span></div>
	<div class='bad'><span class='line_number'>&nbsp;73</span><span class='line_code'><span class='line_code_inner'>10. Cyber-leader</span></span></div>
	<div class='bad'><span class='line_number'>&nbsp;74</span><span class='line_code'><span class='line_code_inner'>Please enter a number between 1 and 10, or -1 to end</span></span></div>
	<div class='bad'><span class='line_number'>&nbsp;75</span><span class='line_code'><span class='line_code_inner'>Enter a villain ==&gt; 5</span></span></div>
	<div class='bad'><span class='line_number'>&nbsp;76</span><span class='line_code'><span class='line_code_inner'>Sontarans first appeared in 1973</span></span></div>
	<div class='bad'><span class='line_number'>&nbsp;77</span><span class='line_code'><span class='line_code_inner'>Sontarans were in 9 stories, with the following other villains:</span></span></div>
	<div class='bad'><span class='line_number'>&nbsp;78</span><span class='line_code'><span class='line_code_inner'>==================================================</span></span></div>
	<div class='bad'><span class='line_number'>&nbsp;79</span><span class='line_code'><span class='line_code_inner'>     Alliance - onscreen - Daleks, Cybermen, Sontarans &amp; Autons, (cameos</span></span></div>
	<div class='bad'><span class='line_number'>&nbsp;80</span><span class='line_code'><span class='line_code_inner'>     Silurians, Sycorax, Judoon, Hoix, Roboforms, microcameos Blowfish,</span></span></div>
	<div class='bad'><span class='line_number'>&nbsp;81</span><span class='line_code'><span class='line_code_inner'>     Uvodni, Weevils), Atraxi, Borusa, Chessene of the Franzine Grig,</span></span></div>
	<div class='bad'><span class='line_number'>&nbsp;82</span><span class='line_code'><span class='line_code_inner'>     Cybermen, Dalek Supreme (Supreme Dalek), inc Progenitor, Daleks,</span></span></div>
	<div class='bad'><span class='line_number'>&nbsp;83</span><span class='line_code'><span class='line_code_inner'>     Dastari, Joinson, Gray, Steve, Harris, Private Carl, Headless Monks,</span></span></div>
	<div class='bad'><span class='line_number'>&nbsp;84</span><span class='line_code'><span class='line_code_inner'>     Irongron, Kovarian, Madame, Manton, Colonel, Martha Jones- Clone,</span></span></div>
	<div class='bad'><span class='line_number'>&nbsp;85</span><span class='line_code'><span class='line_code_inner'>     Master (the), Naismith, Joshua, Rassilon, Rattigan, Luke, Red</span></span></div>
	<div class='bad'><span class='line_number'>&nbsp;86</span><span class='line_code'><span class='line_code_inner'>     Carnivorous Maw, Shockeye of the Quawncing Grig, Silurians (exc Sea</span></span></div>
	<div class='bad'><span class='line_number'>&nbsp;87</span><span class='line_code'><span class='line_code_inner'>     Devils), Staal, Stike, Vardan, Varl, Varla</span></span></div>
	<div class='bad'><span class='line_number'>&nbsp;88</span><span class='line_code'><span class='line_code_inner'></span></span></div>
	<div class='bad'><span class='line_number'>&nbsp;89</span><span class='line_code'><span class='line_code_inner'>The stories that only features Sontarans were:</span></span></div>
	<div class='bad'><span class='line_number'>&nbsp;90</span><span class='line_code'><span class='line_code_inner'>==================================================</span></span></div>
	<div class='bad'><span class='line_number'>&nbsp;91</span><span class='line_code'><span class='line_code_inner'>     The Sontaran Experiment</span></span></div>
	<div class='bad'><span class='line_number'>&nbsp;92</span><span class='line_code'><span class='line_code_inner'></span></span></div>
	<div class='bad'><span class='line_number'>&nbsp;93</span><span class='line_code'><span class='line_code_inner'>The doctors who fought Sontarans were:</span></span></div>
	<div class='bad'><span class='line_number'>&nbsp;94</span><span class='line_code'><span class='line_code_inner'>==================================================</span></span></div>
	<div class='bad'><span class='line_number'>&nbsp;95</span><span class='line_code'><span class='line_code_inner'>     Colin Baker</span></span></div>
	<div class='bad'><span class='line_number'>&nbsp;96</span><span class='line_code'><span class='line_code_inner'>     Tom Baker</span></span></div>
	<div class='bad'><span class='line_number'>&nbsp;97</span><span class='line_code'><span class='line_code_inner'>     Jon Pertwee</span></span></div>
	<div class='bad'><span class='line_number'>&nbsp;98</span><span class='line_code'><span class='line_code_inner'>     Matt Smith</span></span></div>
	<div class='bad'><span class='line_number'>&nbsp;99</span><span class='line_code'><span class='line_code_inner'>     David Tennant</span></span></div>
	<div class='bad'><span class='line_number'>100</span><span class='line_code'><span class='line_code_inner'>     Patrick Troughton</span></span></div>
	<div class='bad'><span class='line_number'>101</span><span class='line_code'><span class='line_code_inner'></span></span></div>
	<div class='bad'><span class='line_number'>102</span><span class='line_code'><span class='line_code_inner'></span></span></div>
	<div class='bad'><span class='line_number'>103</span><span class='line_code'><span class='line_code_inner'>1. Daleks</span></span></div>
	<div class='bad'><span class='line_number'>104</span><span class='line_code'><span class='line_code_inner'>2. Cybermen</span></span></div>
	<div class='bad'><span class='line_number'>105</span><span class='line_code'><span class='line_code_inner'>3. Master (the)</span></span></div>
	<div class='bad'><span class='line_number'>106</span><span class='line_code'><span class='line_code_inner'>4. Dalek Supreme (Supreme Dalek), inc Progenitor</span></span></div>
	<div class='bad'><span class='line_number'>107</span><span class='line_code'><span class='line_code_inner'>5. Sontarans</span></span></div>
	<div class='bad'><span class='line_number'>108</span><span class='line_code'><span class='line_code_inner'>6. Ice Warriors (inc benevolent appearences)</span></span></div>
	<div class='bad'><span class='line_number'>109</span><span class='line_code'><span class='line_code_inner'>7. Davros</span></span></div>
	<div class='bad'><span class='line_number'>110</span><span class='line_code'><span class='line_code_inner'>8. Silurians (exc Sea Devils)</span></span></div>
	<div class='bad'><span class='line_number'>111</span><span class='line_code'><span class='line_code_inner'>9. Kovarian, Madame</span></span></div>
	<div class='bad'><span class='line_number'>112</span><span class='line_code'><span class='line_code_inner'>10. Cyber-leader</span></span></div>
	<div class='bad'><span class='line_number'>113</span><span class='line_code'><span class='line_code_inner'>Please enter a number between 1 and 10, or -1 to end</span></span></div>
	<div class='bad'><span class='line_number'>114</span><span class='line_code'><span class='line_code_inner'>Enter a villain ==&gt; 7</span></span></div>
	<div class='bad'><span class='line_number'>115</span><span class='line_code'><span class='line_code_inner'>Davros first appeared in 1975</span></span></div>
	<div class='bad'><span class='line_number'>116</span><span class='line_code'><span class='line_code_inner'>Davros were in 6 stories, with the following other villains:</span></span></div>
	<div class='bad'><span class='line_number'>117</span><span class='line_code'><span class='line_code_inner'>==================================================</span></span></div>
	<div class='bad'><span class='line_number'>118</span><span class='line_code'><span class='line_code_inner'>     Dalek Supreme (Supreme Dalek), inc Progenitor, Daleks, Lytton,</span></span></div>
	<div class='bad'><span class='line_number'>119</span><span class='line_code'><span class='line_code_inner'>     Commander Gustav, Movellans, Nyder, Sharrel</span></span></div>
	<div class='bad'><span class='line_number'>120</span><span class='line_code'><span class='line_code_inner'></span></span></div>
	<div class='bad'><span class='line_number'>121</span><span class='line_code'><span class='line_code_inner'>There are no stories with only this villain</span></span></div>
	<div class='bad'><span class='line_number'>122</span><span class='line_code'><span class='line_code_inner'>==================================================</span></span></div>
	<div class='bad'><span class='line_number'>123</span><span class='line_code'><span class='line_code_inner'></span></span></div>
	<div class='bad'><span class='line_number'>124</span><span class='line_code'><span class='line_code_inner'>The doctors who fought Davros were:</span></span></div>
	<div class='bad'><span class='line_number'>125</span><span class='line_code'><span class='line_code_inner'>==================================================</span></span></div>
	<div class='bad'><span class='line_number'>126</span><span class='line_code'><span class='line_code_inner'>     Colin Baker</span></span></div>
	<div class='bad'><span class='line_number'>127</span><span class='line_code'><span class='line_code_inner'>     Tom Baker</span></span></div>
	<div class='bad'><span class='line_number'>128</span><span class='line_code'><span class='line_code_inner'>     Peter Davison</span></span></div>
	<div class='bad'><span class='line_number'>129</span><span class='line_code'><span class='line_code_inner'>     Sylvester McCoy</span></span></div>
	<div class='bad'><span class='line_number'>130</span><span class='line_code'><span class='line_code_inner'>     David Tennant</span></span></div>
	<div class='bad'><span class='line_number'>131</span><span class='line_code'><span class='line_code_inner'></span></span></div>
	<div class='bad'><span class='line_number'>132</span><span class='line_code'><span class='line_code_inner'></span></span></div>
	<div class='bad'><span class='line_number'>133</span><span class='line_code'><span class='line_code_inner'>1. Daleks</span></span></div>
	<div class='bad'><span class='line_number'>134</span><span class='line_code'><span class='line_code_inner'>2. Cybermen</span></span></div>
	<div class='bad'><span class='line_number'>135</span><span class='line_code'><span class='line_code_inner'>3. Master (the)</span></span></div>
	<div class='bad'><span class='line_number'>136</span><span class='line_code'><span class='line_code_inner'>4. Dalek Supreme (Supreme Dalek), inc Progenitor</span></span></div>
	<div class='bad'><span class='line_number'>137</span><span class='line_code'><span class='line_code_inner'>5. Sontarans</span></span></div>
	<div class='bad'><span class='line_number'>138</span><span class='line_code'><span class='line_code_inner'>6. Ice Warriors (inc benevolent appearences)</span></span></div>
	<div class='bad'><span class='line_number'>139</span><span class='line_code'><span class='line_code_inner'>7. Davros</span></span></div>
	<div class='bad'><span class='line_number'>140</span><span class='line_code'><span class='line_code_inner'>8. Silurians (exc Sea Devils)</span></span></div>
	<div class='bad'><span class='line_number'>141</span><span class='line_code'><span class='line_code_inner'>9. Kovarian, Madame</span></span></div>
	<div class='bad'><span class='line_number'>142</span><span class='line_code'><span class='line_code_inner'>10. Cyber-leader</span></span></div>
	<div class='bad'><span class='line_number'>143</span><span class='line_code'><span class='line_code_inner'>Please enter a number between 1 and 10, or -1 to end</span></span></div>
	<div class='bad'><span class='line_number'>144</span><span class='line_code'><span class='line_code_inner'>Enter a villain ==&gt; 11</span></span></div>
	<div class='bad'><span class='line_number'>145</span><span class='line_code'><span class='line_code_inner'></span></span></div>
	<div class='bad'><span class='line_number'>146</span><span class='line_code'><span class='line_code_inner'>1. Daleks</span></span></div>
	<div class='bad'><span class='line_number'>147</span><span class='line_code'><span class='line_code_inner'>2. Cybermen</span></span></div>
	<div class='bad'><span class='line_number'>148</span><span class='line_code'><span class='line_code_inner'>3. Master (the)</span></span></div>
	<div class='bad'><span class='line_number'>149</span><span class='line_code'><span class='line_code_inner'>4. Dalek Supreme (Supreme Dalek), inc Progenitor</span></span></div>
	<div class='bad'><span class='line_number'>150</span><span class='line_code'><span class='line_code_inner'>5. Sontarans</span></span></div>
	<div class='bad'><span class='line_number'>151</span><span class='line_code'><span class='line_code_inner'>6. Ice Warriors (inc benevolent appearences)</span></span></div>
	<div class='bad'><span class='line_number'>152</span><span class='line_code'><span class='line_code_inner'>7. Davros</span></span></div>
	<div class='bad'><span class='line_number'>153</span><span class='line_code'><span class='line_code_inner'>8. Silurians (exc Sea Devils)</span></span></div>
	<div class='bad'><span class='line_number'>154</span><span class='line_code'><span class='line_code_inner'>9. Kovarian, Madame</span></span></div>
	<div class='bad'><span class='line_number'>155</span><span class='line_code'><span class='line_code_inner'>10. Cyber-leader</span></span></div>
	<div class='bad'><span class='line_number'>156</span><span class='line_code'><span class='line_code_inner'>Please enter a number between 1 and 10, or -1 to end</span></span></div>
	<div class='bad'><span class='line_number'>157</span><span class='line_code'><span class='line_code_inner'>Enter a villain ==&gt; 0</span></span></div>
	<div class='bad'><span class='line_number'>158</span><span class='line_code'><span class='line_code_inner'></span></span></div>
	<div class='bad'><span class='line_number'>159</span><span class='line_code'><span class='line_code_inner'>1. Daleks</span></span></div>
	<div class='bad'><span class='line_number'>160</span><span class='line_code'><span class='line_code_inner'>2. Cybermen</span></span></div>
	<div class='bad'><span class='line_number'>161</span><span class='line_code'><span class='line_code_inner'>3. Master (the)</span></span></div>
	<div class='bad'><span class='line_number'>162</span><span class='line_code'><span class='line_code_inner'>4. Dalek Supreme (Supreme Dalek), inc Progenitor</span></span></div>
	<div class='bad'><span class='line_number'>163</span><span class='line_code'><span class='line_code_inner'>5. Sontarans</span></span></div>
	<div class='bad'><span class='line_number'>164</span><span class='line_code'><span class='line_code_inner'>6. Ice Warriors (inc benevolent appearences)</span></span></div>
	<div class='bad'><span class='line_number'>165</span><span class='line_code'><span class='line_code_inner'>7. Davros</span></span></div>
	<div class='bad'><span class='line_number'>166</span><span class='line_code'><span class='line_code_inner'>8. Silurians (exc Sea Devils)</span></span></div>
	<div class='bad'><span class='line_number'>167</span><span class='line_code'><span class='line_code_inner'>9. Kovarian, Madame</span></span></div>
	<div class='bad'><span class='line_number'>168</span><span class='line_code'><span class='line_code_inner'>10. Cyber-leader</span></span></div>
	<div class='bad'><span class='line_number'>169</span><span class='line_code'><span class='line_code_inner'>Please enter a number between 1 and 10, or -1 to end</span></span></div>
	<div class='bad'><span class='line_number'>170</span><span class='line_code'><span class='line_code_inner'>Enter a villain ==&gt; -1</span></span></div>
	<div class='bad'><span class='line_number'>171</span><span class='line_code'><span class='line_code_inner'>Exiting</span></span></div>
	</div>
	<div><span class='line_number'>172</span><span class='line_code'></span></div>
</div></div>
