<div class='diff-container'><div class='diff-code'>
	<div><span class='line_number'>&nbsp;1</span><span class='line_code'>FOUND CONSTELLATION Ursa_Major</span></div>
	<div class='highlight' id='id_expected_0'>
	<div class='bad-expected'><span class='line_number'>&nbsp;2</span><span class='line_code'>assigning  STAR_00001  <span class='highlight-char-expected'>&xi;</span>_UMa<span class='highlight-char-expected'>_A</span><span class='line_code_inner'></span></span></div>
	<div class='bad-expected'><span class='line_number'>&nbsp;3</span><span class='line_code'>assigning  STAR_00002  <span class='highlight-char-expected'>&upsilon;</span><span class='line_code_inner'>_UMa</span></span></div>
	<div class='bad-expected'><span class='line_number'>&nbsp;4</span><span class='line_code'>assigning  STAR_00003  <span class='highlight-char-expected'>&chi;</span><span class='line_code_inner'>_UMa</span></span></div>
	<div class='bad-expected'><span class='line_number'>&nbsp;5</span><span class='line_code'>assigning  STAR_00004  <span class='highlight-char-expected'>&psi;</span><span class='line_code_inner'>_UMa</span></span></div>
	<div class='bad-expected'><span class='line_number'>&nbsp;6</span><span class='line_code'>assigning  STAR_00006  <span class='highlight-char-expected'>&alpha;</span><span class='line_code_inner'>_UMa</span></span></div>
	<div class='bad-expected'><span class='line_number'>&nbsp;7</span><span class='line_code'>assigning  STAR_00007  <span class='highlight-char-expected'>&beta;_U</span><span class='line_code_inner'>Ma</span></span></div>
	<div class='bad-expected'><span class='line_number'>&nbsp;8</span><span class='line_code'>assigning  STAR_00009  <span class='highlight-char-expected'>&gamma;</span><span class='line_code_inner'>_UMa</span></span></div>
	<div class='bad-expected'><span class='line_number'>&nbsp;9</span><span class='line_code'>assigning  STAR_00011  <span class='highlight-char-expected'>&delta;</span><span class='line_code_inner'>_UMa</span></span></div>
	<div class='bad-expected'><span class='line_number'>10</span><span class='line_code'>assigning  STAR_00013  <span class='highlight-char-expected'>&epsilon;</span><span class='line_code_inner'>_UMa</span></span></div>
	<div class='bad-expected'><span class='line_number'>11</span><span class='line_code'>assigning  STAR_00016  <span class='highlight-char-expected'>&eta;</span><span class='line_code_inner'>_UMa</span></span></div>
	<div class='bad-expected'><span class='line_number'>12</span><span class='line_code'>assigning  STAR_00017  <span class='highlight-char-expected'>&theta;</span><span class='line_code_inner'>_UMa</span></span></div>
	<div class='bad-expected'><span class='line_number'>13</span><span class='line_code'>assigning  STAR_00019  <span class='highlight-char-expected'>&iota;</span><span class='line_code_inner'>_UMa</span></span></div>
	<div class='bad-expected'><span class='line_number'>14</span><span class='line_code'>assigning  STAR_00021  <span class='highlight-char-expected'>&kappa;</span><span class='line_code_inner'>_UMa</span></span></div>
	<div class='bad-expected'><span class='line_number'>15</span><span class='line_code'>assigning  STAR_00023  <span class='highlight-char-expected'>&lambda;</span><span class='line_code_inner'>_UMa</span></span></div>
	<div class='bad-expected'><span class='line_number'>16</span><span class='line_code'>assigning  STAR_00025  <span class='highlight-char-expected'>&mu;</span><span class='line_code_inner'>_UMa</span></span></div>
	<div class='bad-expected'><span class='line_number'>17</span><span class='line_code'>assigning  STAR_00026  <span class='highlight-char-expected'>&nu;</span><span class='line_code_inner'>_UMa</span></span></div>
	<div class='bad-expected'><span class='line_number'>18</span><span class='line_code'>assigning  STAR_00027  <span class='highlight-char-expected'>&omicron;</span><span class='line_code_inner'>_UMa</span></span></div>
	<div class='bad-expected'><span class='line_number'>19</span><span class='line_code'>assigning  STAR_00030  M<span class='highlight-char-expected'>iz</span>a<span class='highlight-char-expected'>r</span><span class='line_code_inner'></span></span></div>
	<div class='bad-expected'><span class='line_number'>20</span><span class='line_code'>assigning  STAR_00032  <span class='highlight-char-expected'>23</span><span class='line_code_inner'>_UMa</span></span></div>
	</div>
	<div><span class='line_number'>21</span><span class='line_code'></span></div>
</div></div>
